// Jest Snapshot v1, https://goo.gl/fbAQLP

exports[`MovieBrowser renders 1`] = `ShallowWrapper {}`;
