// Jest Snapshot v1, https://goo.gl/fbAQLP

exports[`MovieDetails renders 1`] = `ShallowWrapper {}`;
