// Jest Snapshot v1, https://goo.gl/fbAQLP

exports[`Header renders header with links 1`] = `ShallowWrapper {}`;
