// Jest Snapshot v1, https://goo.gl/fbAQLP

exports[`MovieDetailsCard renders header with links 1`] = `ShallowWrapper {}`;
