// Jest Snapshot v1, https://goo.gl/fbAQLP

exports[`MovieGrid renders header with links 1`] = `ShallowWrapper {}`;
