// Jest Snapshot v1, https://goo.gl/fbAQLP

exports[`MovieCard renders header with links 1`] = `ShallowWrapper {}`;
